#!/bin/bash
echo "mem"
free -h
echo "disk"
df -h /dev/sda2
free -h >> log
free df -h >> log




root@user:~/.git# bash test123
mem
               total        used        free      shared  buff/cache   available
Mem:           3.8Gi       217Mi       3.2Gi       1.0Mi       371Mi       3.4Gi
Swap:             0B          0B          0B
disk
Filesystem      Size  Used Avail Use% Mounted on
/dev/sda2       1.7G  251M  1.4G  16% /boot

Usage:
 free [options]

Options:
 -b, --bytes         show output in bytes
     --kilo          show output in kilobytes
     --mega          show output in megabytes
     --giga          show output in gigabytes
     --tera          show output in terabytes
     --peta          show output in petabytes
 -k, --kibi          show output in kibibytes
 -m, --mebi          show output in mebibytes
 -g, --gibi          show output in gibibytes
     --tebi          show output in tebibytes
     --pebi          show output in pebibytes
 -h, --human         show human-readable output
     --si            use powers of 1000 not 1024
 -l, --lohi          show detailed low and high memory statistics
 -t, --total         show total for RAM + swap
 -s N, --seconds N   repeat printing every N seconds
 -c N, --count N     repeat printing N times, then exit
 -w, --wide          wide output

     --help     display this help and exit
 -V, --version  output version information and exit

For more details see free(1).
root@user:~/.git# nano test123
root@user:~/.git# echo "log" >> gitignore
root@user:~/.git#
root@user:~/.git#
root@user:~/.git# nano test123
root@user:~/.git# bash test123
mem
               total        used        free      shared  buff/cache   available
Mem:           3.8Gi       217Mi       3.2Gi       1.0Mi       371Mi       3.4Gi
Swap:             0B          0B          0B
disk
Filesystem      Size  Used Avail Use% Mounted on
/dev/sda2       1.7G  251M  1.4G  16% /boot

Usage:
 free [options]

Options:
 -b, --bytes         show output in bytes
     --kilo          show output in kilobytes
     --mega          show output in megabytes
     --giga          show output in gigabytes
     --tera          show output in terabytes
     --peta          show output in petabytes
 -k, --kibi          show output in kibibytes
 -m, --mebi          show output in mebibytes
 -g, --gibi          show output in gibibytes
     --tebi          show output in tebibytes
     --pebi          show output in pebibytes
 -h, --human         show human-readable output
     --si            use powers of 1000 not 1024
 -l, --lohi          show detailed low and high memory statistics
 -t, --total         show total for RAM + swap
 -s N, --seconds N   repeat printing every N seconds
 -c N, --count N     repeat printing N times, then exit
 -w, --wide          wide output

     --help     display this help and exit
 -V, --version  output version information and exit

For more details see free(1).
root@user:~/.git# nano test123
root@user:~/.git#
root@user:~/.git#
root@user:~/.git# git push
Everything up-to-date
root@user:~/.git# git add .
root@user:~/.git# git push
Everything up-to-date
root@user:~/.git# git commit -am "add log"
[branch 196e20e] add log
 4 files changed, 30 insertions(+)
 create mode 100644 -gitignore
 create mode 100644 gitignore
 create mode 100644 log
root@user:~/.git# git push
Enumerating objects: 7, done.
Counting objects: 100% (7/7), done.
Delta compression using up to 4 threads
Compressing objects: 100% (4/4), done.
Writing objects: 100% (5/5), 535 bytes | 535.00 KiB/s, done.
Total 5 (delta 1), reused 0 (delta 0), pack-reused 0
remote: Resolving deltas: 100% (1/1), completed with 1 local object.
To github.com:deptech/devops-lesson.git
   a3b6295..196e20e  branch -> branch
root@user:~/.git# git config
add.               difftool.          log.               sendemail.
advice.            extensions.        lsrefs.            sequence.
alias.             fastimport.        mailinfo.          showBranch.
am.                feature.           mailmap.           splitIndex.
apply.             fetch.             maintenance.       ssh.
author.            filter.            man.               stash.
blame.             format.            merge.             status.
branch.            fsck.              mergetool.         submodule.
browser.           gc.                notes.             tag.
checkout.          gitcvs.            pack.              tar.
clean.             gitweb.            pager.             trace2.
clone.             gpg.               pretty.            transfer.
color.             grep.              protocol.          uploadarchive.
column.            gui.               pull.              uploadpack.
commit.            guitool.           push.              uploadpackfilter.
commitGraph.       help.              rebase.            url.
committer.         http.              receive.           user.
completion.        i18n.              remote.            versionsort.
core.              imap.              remotes.           web.
credential.        index.             repack.            worktree.
credentialCache.   init.              rerere.
credentialStore.   instaweb.          reset.
diff.              interactive.       safe.
root@user:~/.git# git config
add.               difftool.          log.               sendemail.
advice.            extensions.        lsrefs.            sequence.
alias.             fastimport.        mailinfo.          showBranch.
am.                feature.           mailmap.           splitIndex.
apply.             fetch.             maintenance.       ssh.
author.            filter.            man.               stash.
blame.             format.            merge.             status.
branch.            fsck.              mergetool.         submodule.
browser.           gc.                notes.             tag.
checkout.          gitcvs.            pack.              tar.
clean.             gitweb.            pager.             trace2.
clone.             gpg.               pretty.            transfer.
color.             grep.              protocol.          uploadarchive.
column.            gui.               pull.              uploadpack.
commit.            guitool.           push.              uploadpackfilter.
commitGraph.       help.              rebase.            url.
committer.         http.              receive.           user.
completion.        i18n.              remote.            versionsort.
core.              imap.              remotes.           web.
credential.        index.             repack.            worktree.
credentialCache.   init.              rerere.
credentialStore.   instaweb.          reset.
diff.              interactive.       safe.
root@user:~/.git# git config
add.               difftool.          log.               sendemail.
advice.            extensions.        lsrefs.            sequence.
alias.             fastimport.        mailinfo.          showBranch.
am.                feature.           mailmap.           splitIndex.
apply.             fetch.             maintenance.       ssh.
author.            filter.            man.               stash.
blame.             format.            merge.             status.
branch.            fsck.              mergetool.         submodule.
browser.           gc.                notes.             tag.
checkout.          gitcvs.            pack.              tar.
clean.             gitweb.            pager.             trace2.
clone.             gpg.               pretty.            transfer.
color.             grep.              protocol.          uploadarchive.
column.            gui.               pull.              uploadpack.
commit.            guitool.           push.              uploadpackfilter.
commitGraph.       help.              rebase.            url.
committer.         http.              receive.           user.
completion.        i18n.              remote.            versionsort.
core.              imap.              remotes.           web.
credential.        index.             repack.            worktree.
credentialCache.   init.              rerere.
credentialStore.   instaweb.          reset.
diff.              interactive.       safe.
root@user:~/.git# git config --global
usage: git config [<options>]

Config file location
    --global              use global config file
    --system              use system config file
    --local               use repository config file
    --worktree            use per-worktree config file
    -f, --file <file>     use given config file
    --blob <blob-id>      read config from given blob object

Action
    --get                 get value: name [value-pattern]
    --get-all             get all values: key [value-pattern]
    --get-regexp          get values for regexp: name-regex [value-pattern]
    --get-urlmatch        get value specific for the URL: section[.var] URL
    --replace-all         replace all matching variables: name value [value-pattern]
    --add                 add a new variable: name value
    --unset               remove a variable: name [value-pattern]
    --unset-all           remove all matches: name [value-pattern]
    --rename-section      rename section: old-name new-name
    --remove-section      remove a section: name
    -l, --list            list all
    --fixed-value         use string equality when comparing values to 'value-pattern'
    -e, --edit            open an editor
    --get-color           find the color configured: slot [default]
    --get-colorbool       find the color setting: slot [stdout-is-tty]

Type
    -t, --type <>         value is given this type
    --bool                value is "true" or "false"
    --int                 value is decimal number
    --bool-or-int         value is --bool or --int
    --bool-or-str         value is --bool or string
    --path                value is a path (file or directory name)
    --expiry-date         value is an expiry date

Other
    -z, --null            terminate values with NUL byte
    --name-only           show variable names only
    --includes            respect include directives on lookup
    --show-origin         show origin of config (file, standard input, blob, command line)
    --show-scope          show scope of config (worktree, local, global, system, command)
    --default <value>     with --get, use default value when missing entry

root@user:~/.git# git config --global e
error: key does not contain a section: e
root@user:~/.git# git config --global -e
root@user:~/.git# git checkout
Your branch is up to date with 'origin/branch'.
root@user:~/.git# git checkout git branch\
> ^C
root@user:~/.git# git checkout git branch
error: pathspec 'git' did not match any file(s) known to git
error: pathspec 'branch' did not match any file(s) known to git
root@user:~/.git# git branch
* branch
  master
root@user:~/.git# git checkout -b master
fatal: A branch named 'master' already exists.
root@user:~/.git# git branch
* branch
  master
root@user:~/.git# git checkout master
warning: unable to rmdir 'devops-lesson': Directory not empty
Switched to branch 'master'
root@user:~/.git# git branch
  branch
* master
root@user:~/.git# git checkout -b new_branch
Switched to a new branch 'new_branch'
root@user:~/.git# checkout new_branch
checkout: command not found
root@user:~/.git# git checkout new_branch
Already on 'new_branch'
root@user:~/.git# git branch
  branch
  master
* new_branch
root@user:~/.git#
root@user:~/.git#
root@user:~/.git# ll
total 52
drwxr-xr-x  9 root root 4096 Dec  5 16:12 ./
drwx------ 11 root root 4096 Dec  5 16:13 ../
drwxr-xr-x  2 root root 4096 Dec  2 10:06 branches/
-rw-r--r--  1 root root  207 Dec  2 10:55 config
-rw-r--r--  1 root root   73 Dec  2 10:06 description
drwxr-xr-x  5 root root 4096 Dec  5 15:43 devops-lesson/
-rw-r--r--  1 root root    0 Dec  2 10:31 FETCH_HEAD
drwxr-xr-x  8 root root 4096 Dec  5 16:13 .git/
-rw-r--r--  1 root root   23 Dec  2 10:55 HEAD
drwxr-xr-x  2 root root 4096 Dec  2 10:06 hooks/
-rw-r--r--  1 root root  104 Dec  2 10:55 index
drwxr-xr-x  2 root root 4096 Dec  5 15:38 info/
drwxr-xr-x  4 root root 4096 Dec  2 10:31 objects/
drwxr-xr-x  4 root root 4096 Dec  2 10:06 refs/
root@user:~/.git# vi
vi         vigpg      vim        vimdiff    vimtutor   visudo
view       vigr       vim.basic  vim.tiny   vipw
root@user:~/.git# vi
vi         vigpg      vim        vimdiff    vimtutor   visudo
view       vigr       vim.basic  vim.tiny   vipw
root@user:~/.git# nano test123
root@user:~/.git# ls
branches  description    FETCH_HEAD  hooks  info     refs
config    devops-lesson  HEAD        index  objects
root@user:~/.git# nano in
index  info/
root@user:~/.git# nano in
index  info/
root@user:~/.git# nano info/
root@user:~/.git# nano info
root@user:~/.git#
root@user:~/.git#
root@user:~/.git# git che
checkout      cherry        cherry-pick
root@user:~/.git# git che
checkout      cherry        cherry-pick
root@user:~/.git# git checkout
root@user:~/.git# git checkout branch
Switched to branch 'branch'
Your branch is up to date with 'origin/branch'.
root@user:~/.git# git branch
* branch
  master
  new_branch
root@user:~/.git# nano test123
root@user:~/.git# git checkout new_branch
warning: unable to rmdir 'devops-lesson': Directory not empty
Switched to branch 'new_branch'
root@user:~/.git# git checkout new_branch
Already on 'new_branch'
root@user:~/.git# ls
branches  description    FETCH_HEAD  hooks  info     refs
config    devops-lesson  HEAD        index  objects
root@user:~/.git#
root@user:~/.git#
root@user:~/.git#
root@user:~/.git#

